P   a  [  3  /  a  ]
  * [] ===> a   =   a
    
  * [  3  /  a  ] ===> 3   =   3
    