P   a  []
  * [] ===> a   =   a
    
  * [] ===> P   a
    P  []
      * [] ===>λ  x  →  a   =   x
        