Error Type Error ./test/source/mss.gcl:4:2-7
The definition Falsee is not in scope