### Result

([ Conditional at ./test/Test/Server/assets/spec-qm-3.gcl [0-33] 1:1-5:3 #33e6ac1bc91881b5
 `True
 ⇒
 True
 ` ], [ Precondition at ./test/Test/Server/assets/spec-qm-3.gcl [16-30] 2:5-4:7
      `True ∧ True`
      Precondition
      `True` ], [], [])

### Source

if True -> 
    [!
    
    !]
fi

{ True }

### Trace

TraceLog " ### DigHole ./test/Test/Server/assets/spec-qm-3.gcl [16-17] 2:5-6"
TraceEditText ./test/Test/Server/assets/spec-qm-3.gcl [16-17] 2:5-6 "[!\n    \n    !]"
