### Result

([ Loop Invariant at ./test/source/Server/spec-qm-5.gcl [53-77] 5:1-25 #6f94f88f4f8d052
 `True
 ⇒
 f [ n ]  =   0
 `
 , Loop Invariant at ./test/source/Server/spec-qm-5.gcl [78-146] 6:1-10:3 #4e89f2ae6506faf9
 `f [ n ]  =   0  ∧ ¬  n   ≠   N
 ⇒
 True
 `
 , Loop Termination at ./test/source/Server/spec-qm-5.gcl [78-146] 6:1-10:3 #2165c4eac630549a
 `f [ n ]  =   0  ∧ n   ≠   N
 ⇒
 N   -   n  ≥ 0
 ` ], [ Precondition at ./test/source/Server/spec-qm-5.gcl [113-143] 7:13-9:15
      `⟨ ∃  ?m_0  :  n  =  n   +   1[  ?m_0  /  n  ]  :  f [ n ]  =   0  ∧  n   ≠   N[  ?m_0  /  n  ]  ⟩`
      Postcondition
      `f [ n ]  =   0` ], [], [])

### Source

con N : Int
con f : array [0..N) of Int
var n : Int

{ f[n] = 0, bnd: N - n }
do n ≠ N -> n := n + 1
            [!
            
            !]
od 
{ True } 

### Trace

TraceLog " ### DigHole ./test/source/Server/spec-qm-5.gcl [113-114] 7:13-14"
TraceEditText ./test/source/Server/spec-qm-5.gcl [113-114] 7:13-14 "[!\n            \n            !]"
