### Result

[Display, UpdateSpecs]

### Source

if True ->  [!
            
            !]
fi

{ True }

### Trace

TraceLog "      [ save ] Parsed"
TraceLog "      [ save ] Converted"
TraceLog "      [ save ] Swept"
TraceLog "    - Set selection spec-refine-4.gcl [12-43] 1:13-3:15"
TraceGetSource
TraceLog "      [ save ] Parsed"
TraceLog "      [ save ] Converted"
TraceLog "      [ save ] Swept"
TraceGetSource
TraceEditText ./test/source/Server/spec-refine-4.gcl [12-43] 1:13-3:15 "?"
TraceLog "      [ save ] Parsed"
TraceLog " <--- DigHole ./test/source/Server/spec-refine-4.gcl [12-13] 1:13-14"
TraceEditText ./test/source/Server/spec-refine-4.gcl [12-13] 1:13-14 "[!\n            \n            !]"
TraceLog "      [ save ] Parsed"
TraceLog "      [ save ] Converted"
TraceLog "      [ save ] Converted"
TraceLog "      [ save ] Swept"
TraceLog "      [ load ] from Swept"
TraceLog "    - Get selection but got Nothing"
TraceLog "    - Bump counter 0 => 1"
TraceLog " <--- Send Diagnostics 1"
TraceSendDiagnostics [Diagnostic {_range = Range {_start = Position {_line = 0, _character = 0}, _end = Position {_line = 0, _character = 2}}, _severity = Just DsWarning, _code = Nothing, _source = Nothing, _message = "Conditional", _tags = Nothing, _relatedInformation = Just (List [DiagnosticRelatedInformation {_location = Location {_uri = Uri {getUri = "./test/source/Server/spec-refine-4.gcl"}, _range = Range {_start = Position {_line = 0, _character = 0}, _end = Position {_line = 0, _character = 2}}}, _message = ""}])}]
