### Result

([], [ Precondition at ./test/source/Server/spec-qm-2.gcl [0-6] 1:1-3:3
     `True`
     Postcondition
     `True`
     , Precondition at ./test/source/Server/spec-qm-2.gcl [7-13] 4:1-6:3
     `True`
     Postcondition
     `True` ], [], [])

### Source

[!

!]
[!

!]

{ True }

### Trace

TraceLog " ### DigHole ./test/source/Server/spec-qm-2.gcl [0-1] 1:1-2"
TraceEditText ./test/source/Server/spec-qm-2.gcl [0-1] 1:1-2 "[!\n\n!]"
TraceLog " ### DigHole ./test/source/Server/spec-qm-2.gcl [7-8] 4:1-2"
TraceEditText ./test/source/Server/spec-qm-2.gcl [7-8] 4:1-2 "[!\n\n!]"
