### Result

[Display, UpdateSpecs]

### Source

skip

{ True }

### Trace

TraceLog "      [ save ] Parsed"
TraceLog "      [ save ] Converted"
TraceLog "      [ save ] Swept"
TraceLog "    - Set selection spec-refine-2.gcl [0-14] 1:1-3:3"
TraceGetSource
TraceLog "      [ save ] Parsed"
TraceLog "      [ save ] Converted"
TraceLog "      [ save ] Swept"
TraceGetSource
TraceEditText ./test/source/Server/spec-refine-2.gcl [0-14] 1:1-3:3 "skip"
TraceLog "      [ save ] Parsed"
TraceLog "      [ save ] Converted"
TraceLog "      [ save ] Swept"
TraceLog "      [ load ] from Swept"
TraceLog "    - Get selection but got Nothing"
TraceLog "    - Bump counter 0 => 1"
TraceLog " <--- Send Diagnostics 1"
TraceSendDiagnostics [Diagnostic {_range = Range {_start = Position {_line = 0, _character = 0}, _end = Position {_line = 0, _character = 4}}, _severity = Just DsWarning, _code = Nothing, _source = Nothing, _message = "Skip", _tags = Nothing, _relatedInformation = Just (List [DiagnosticRelatedInformation {_location = Location {_uri = Uri {getUri = "./test/source/Server/spec-refine-2.gcl"}, _range = Range {_start = Position {_line = 0, _character = 0}, _end = Position {_line = 0, _character = 4}}}, _message = ""}])}]
