### Result

[ Syntactic Error ./test/source/Server/spec-refine-3.gcl:2:1 unexpected 'a'
expecting end of input
 ]

### Source

    skip
abort


{ True }

### Trace

TraceLog "      [ save ] Parsed"
TraceLog "      [ save ] Converted"
TraceLog "      [ save ] Swept"
TraceLog "      [ event ] mute"
TraceLog "      [ save ] Mouse selection: spec-refine-3.gcl [0-20] 1:1-4:3"
TraceGetSource
TraceLog "      [ save ] Parsed"
TraceLog "      [ save ] Converted"
TraceLog "      [ save ] Swept"
TraceGetSource
TraceGetSource
TraceLog "      [ edit ] Replace ./test/source/Server/spec-refine-3.gcl [0-20] 1:1-4:3 \"[!\n    skip\nabort\n!]\" \n      with \"    skip\nabort\n\""
TraceEditText ./test/source/Server/spec-refine-3.gcl [0-20] 1:1-4:3 "    skip\nabort\n"
