### Result

[Display, UpdateSpecs]

### Source

skip

{ True }

### Trace

TraceLog "      [ save ] Parsed"
TraceLog "      [ save ] Converted"
TraceLog "      [ save ] Swept"
TraceLog "      [ event ] mute"
TraceLog "      [ save ] Mouse selection: spec-refine-1.gcl [0-10] 1:1-3:3"
TraceGetSource
TraceLog "      [ save ] Parsed"
TraceLog "      [ save ] Converted"
TraceLog "      [ save ] Swept"
TraceGetSource
TraceGetSource
TraceLog "      [ edit ] Replace ./test/source/Server/spec-refine-1.gcl [0-10] 1:1-3:3 \"[!\nskip\n!]\" \n      with \"skip\""
TraceEditText ./test/source/Server/spec-refine-1.gcl [0-10] 1:1-3:3 "skip"
TraceLog "      [ save ] Parsed"
TraceLog "      [ save ] Converted"
TraceLog "      [ event ] unmute"
TraceLog "      [ save ] Swept"
TraceLog "      [ load ] from Swept"
TraceLog "      [ load ] Mouse selection: Nothing"
TraceLog "    < Send Diagnostics 1"
TraceSendDiagnostics [Diagnostic {_range = Range {_start = Position {_line = 0, _character = 0}, _end = Position {_line = 0, _character = 4}}, _severity = Just DsWarning, _code = Nothing, _source = Nothing, _message = "Skip", _tags = Nothing, _relatedInformation = Just (List [DiagnosticRelatedInformation {_location = Location {_uri = Uri {getUri = "./test/source/Server/spec-refine-1.gcl"}, _range = Range {_start = Position {_line = 0, _character = 0}, _end = Position {_line = 0, _character = 4}}}, _message = ""}])}]
