### Result

([], [ Precondition at ./test/source/Server/spec-qm-1.gcl [0-6] 1:1-3:3
     `True`
     Postcondition
     `True` ], [], [])

### Source

[!

!]

{ True }

### Trace

TraceLog " ### DigHole ./test/source/Server/spec-qm-1.gcl [0-1] 1:1-2"
TraceEditText ./test/source/Server/spec-qm-1.gcl [0-1] 1:1-2 "[!\n\n!]"
