Error Struct Error ./test/source/spec.gcl:4:1
Dig Hole ./test/source/spec.gcl:4:1