P  [  y   +   1  / y  ]   (y   +   1)  
  * ===>  y   +   1   =   3
    