Error Syntactic Error [(<test>:17:5, unexpected "{ " expecting "od" )]