{ False }
{ True }

{- #57293949b5462d9a

   #1234123412341234

-}