### Result

[ Assigment at ./test/source/WP/assignment.gcl [9-15] 2:1-7 #2992979340444012
`True
â‡’
0 = 1` ]

### Source

{ True }
x := 1
{ 0 = x }

### Trace

