### Result

[]

### Source



### Trace

TraceLog "    - Parsed"
TraceLog "    - Converted"
TraceLog "    - Swept"
