### Result

[ Assertion at ./test/source/WP/issue2-2.gcl [33-41] 3:1-9 #479deb1e3916ef60
`True
â‡’
z = A * B` ]

### Source

con A, B : Int
var x, y, z : Int
{ True }
{ z = A * B }

### Trace

