### Result

[ Skip at ./test/source/WP/skip.gcl [9-13] 2:1-5 #7900e3bcf2b9d3cb
`True
â‡’
0   =   0
` ]

### Source

{ True }
skip
{ 0 = 0 }

### Trace

