### Result

[ Assigment at ./test/Test/WP/assets/assignment.gcl [9-15] 2:1-7 #EXPECTING HASH HERE
`True
â‡’
0   =   x[  1  /  x  ]
` ]

### Source

{ True }
x := 1
{ 0 = x }

### Trace

