### Result

[  ]

### Source



### Trace

TraceLog "before ===="
TraceLog "0 []"
TraceLog "after ===="
TraceLog "0 []"
TraceLog "============"
