### Result

[ Assertion at ./test/Test/WP/assets/issue2-1.gcl [33-46] 3:1-14 #3c9881f18401d12
`True
â‡’
z   =   A   *   B
` ]

### Source

con A, B : Int
var x, y, z : Int
{ z = A * B }

### Trace

