### Result

[ Skip at ./test/Test/WP/assets/skip.gcl [9-13] 2:1-5
`True
â‡’
0   =   0
` ]

### Source

{ True }
skip
{ 0 = 0 }

### Trace

