( 0: P [ x \ x + y ] [ y \ y + 1 ] z
  P [ x \ x + y ] [ y \ y + 1 ] z ===> z > (x + (y + 1)) + (y + 1)
    
, (0, P [ x \ x + y ] [ y \ y + 1 ] z) )