P (n + i)
  P (n + i) ===> ⟨ ∀ ?i_1 : 0 ≤ ?i_1 < n + i : f ?i_1 ⟩
    