P [ y + 1 / y ] 3 (Q [ y + 1 / y ] 1)
  P [ y + 1 / y ] 3 (Q [ y + 1 / y ] 1) ===> 3 = Q [ y + 1 / y ] 1
    Q [ y + 1 / y ] 1
      Q [ y + 1 / y ] 1 ===> y + 1
        
  Q [ y + 1 / y ] 1 ===> y + 1
    