( 0: P [ a \ 3 ] 3
  P [ a \ 3 ] 3 ===> 3 = 3
    
, (0, [[reduce], [subst], [reduce-App-Expand-Lam], [reduce]] , P [ a \ 3 ] 3) )