( 0: P (y + 1)
  P (y + 1) ===> y + 1 = 3
    
, (0, [[reduce], [subst], [reduce-App-Expand-Lam], [reduce]] , P (y + 1)) )