( 0: P [ global1 \ global1 + 1 ] 3
  P [ global1 \ global1 + 1 ] 3 ===> global1 + 1 = 3
    
, (0, P [ global1 \ global1 + 1 ] 3) )